---
source: src/command_syntax/syntaxes/thermo_style.rs
expression: "syntax().parse(&command_helper(\"thermo_style custom\\n\")).unwrap()"
---
ParseResult {
    command_name: "thermo_style",
    positionals: [
        Argument {
            kind: Word(
                "custom",
            ),
            span: Span {
                start: Point {
                    row: 0,
                    column: 13,
                },
                end: Point {
                    row: 0,
                    column: 19,
                },
            },
        },
    ],
    style: Some(
        "custom",
    ),
    style_args: [],
    kwargs: [],
}
