---
source: tests/strings.rs
expression: result.diagnostics
---
[
    Diagnostic {
        name: "undefined-identifier",
        severity: Error,
        span: Span {
            start: Point {
                row: 0,
                column: 47,
            },
            end: Point {
                row: 0,
                column: 52,
            },
        },
        message: "LAMMPS-E203: undefined variable `Tcold`",
        code: Some(
            "LAMMPS-E203",
        ),
    },
    Diagnostic {
        name: "undefined-identifier",
        severity: Error,
        span: Span {
            start: Point {
                row: 1,
                column: 48,
            },
            end: Point {
                row: 1,
                column: 53,
            },
        },
        message: "LAMMPS-E203: undefined variable `Tcold`",
        code: Some(
            "LAMMPS-E203",
        ),
    },
    Diagnostic {
        name: "undefined-identifier",
        severity: Error,
        span: Span {
            start: Point {
                row: 0,
                column: 37,
            },
            end: Point {
                row: 0,
                column: 41,
            },
        },
        message: "LAMMPS-E203: undefined variable `Thot`",
        code: Some(
            "LAMMPS-E203",
        ),
    },
    Diagnostic {
        name: "undefined-identifier",
        severity: Error,
        span: Span {
            start: Point {
                row: 1,
                column: 38,
            },
            end: Point {
                row: 1,
                column: 42,
            },
        },
        message: "LAMMPS-E203: undefined variable `Thot`",
        code: Some(
            "LAMMPS-E203",
        ),
    },
    Diagnostic {
        name: "undefined-identifier",
        severity: Error,
        span: Span {
            start: Point {
                row: 3,
                column: 41,
            },
            end: Point {
                row: 3,
                column: 45,
            },
        },
        message: "LAMMPS-E203: undefined variable `Thot`",
        code: Some(
            "LAMMPS-E203",
        ),
    },
    Diagnostic {
        name: "undefined-identifier",
        severity: Error,
        span: Span {
            start: Point {
                row: 7,
                column: 52,
            },
            end: Point {
                row: 7,
                column: 62,
            },
        },
        message: "LAMMPS-E203: undefined variable `evsvolfile`",
        code: Some(
            "LAMMPS-E203",
        ),
    },
    Diagnostic {
        name: "undefined-identifier",
        severity: Error,
        span: Span {
            start: Point {
                row: 5,
                column: 36,
            },
            end: Point {
                row: 5,
                column: 37,
            },
        },
        message: "LAMMPS-E203: undefined variable `x`",
        code: Some(
            "LAMMPS-E203",
        ),
    },
    Diagnostic {
        name: "unused-identifier",
        severity: Warning,
        span: Span {
            start: Point {
                row: 3,
                column: 9,
            },
            end: Point {
                row: 3,
                column: 22,
            },
        },
        message: "LAMMPS-W202: unused variable `nested_quotes`",
        code: Some(
            "LAMMPS-W202",
        ),
    },
    Diagnostic {
        name: "unused-identifier",
        severity: Warning,
        span: Span {
            start: Point {
                row: 0,
                column: 9,
            },
            end: Point {
                row: 0,
                column: 19,
            },
        },
        message: "LAMMPS-W202: unused variable `outputname`",
        code: Some(
            "LAMMPS-W202",
        ),
    },
    Diagnostic {
        name: "unused-identifier",
        severity: Warning,
        span: Span {
            start: Point {
                row: 1,
                column: 9,
            },
            end: Point {
                row: 1,
                column: 19,
            },
        },
        message: "LAMMPS-W202: unused variable `outputname`",
        code: Some(
            "LAMMPS-W202",
        ),
    },
    Diagnostic {
        name: "unused-identifier",
        severity: Warning,
        span: Span {
            start: Point {
                row: 5,
                column: 9,
            },
            end: Point {
                row: 5,
                column: 26,
            },
        },
        message: "LAMMPS-W202: unused variable `simple_exapansion`",
        code: Some(
            "LAMMPS-W202",
        ),
    },
    Diagnostic {
        name: "string-var-expansion",
        severity: Warning,
        span: Span {
            start: Point {
                row: 0,
                column: 0,
            },
            end: Point {
                row: 0,
                column: 53,
            },
        },
        message: "LAMMPS-W501: string variable `outputname` is defined but never expanded with `${outputname}`",
        code: None,
    },
    Diagnostic {
        name: "string-var-expansion",
        severity: Warning,
        span: Span {
            start: Point {
                row: 1,
                column: 0,
            },
            end: Point {
                row: 1,
                column: 55,
            },
        },
        message: "LAMMPS-W501: string variable `outputname` is defined but never expanded with `${outputname}`",
        code: None,
    },
    Diagnostic {
        name: "string-var-expansion",
        severity: Warning,
        span: Span {
            start: Point {
                row: 3,
                column: 0,
            },
            end: Point {
                row: 3,
                column: 60,
            },
        },
        message: "LAMMPS-W501: string variable `nested_quotes` is defined but never expanded with `${nested_quotes}`",
        code: None,
    },
    Diagnostic {
        name: "string-var-expansion",
        severity: Warning,
        span: Span {
            start: Point {
                row: 5,
                column: 0,
            },
            end: Point {
                row: 5,
                column: 38,
            },
        },
        message: "LAMMPS-W501: string variable `simple_exapansion` is defined but never expanded with `${simple_exapansion}`",
        code: None,
    },
]
